C51 COMPILER V9.60.0.0   I2C                                                               09/25/2023 13:00:35 PAGE 1   


C51 COMPILER V9.60.0.0, COMPILATION OF MODULE I2C
OBJECT MODULE PLACED IN .\Objects\I2C.obj
COMPILER INVOKED BY: C:\Keil_v5\C51\BIN\C51.EXE src\I2C.c OPTIMIZE(0,SIZE) BROWSE DEBUG OBJECTEXTEND PRINT(.\Listings\I2
                    -C.lst) TABS(2) OBJECT(.\Objects\I2C.obj)

line level    source

   1          #include "main.h"
   2          
   3          void I2C_Init()
   4          {
   5   1        P3M0 |= 0x0c;
   6   1        P3M1 |= 0x0c; 
   7   1      }
   8          
   9          void AXP173_Set_Voltage_DCDC2(uint16_t voltage)
  10          {
  11   1        uint8_t dat = 0;
  12   1        if(voltage < 2275 && voltage > 700)
  13   1        {
  14   2          dat = (voltage-700)/25;
  15   2          //printf("DCDC2 %dmV 0x23=%d", voltage, dat);
  16   2          I2C_WriteByte(0x23, dat); //DC-DC2
  17   2        }
  18   1      }
  19          
  20          void AXP173_Set_Voltage_LDO4(uint16_t voltage)
  21          {
  22   1        uint8_t dat = 0;
  23   1        if(voltage < 3500 && voltage > 700)
  24   1        {
  25   2          dat = (voltage-700)/25;
  26   2          //printf("DCDC2 %dmV 0x23=%d", voltage, dat);
  27   2          I2C_WriteByte(0x27, dat); //DC-DC2
  28   2        }
  29   1      }
  30          
  31          uint8_t I2C_ReadByte(uint8_t addr)
  32          {
  33   1        uint8_t dat = 0;
  34   1        I2C_Start();
  35   1        I2C_SendData(AXP173_ADDR);
  36   1        I2C_RecvACK();
  37   1        I2C_SendData(addr);
  38   1        I2C_RecvACK();
  39   1        
  40   1        Delay30us();
  41   1        
  42   1        I2C_Start();
  43   1        I2C_SendData(AXP173_ADDR + 1);
  44   1        I2C_RecvACK();
  45   1        dat = I2C_RecvData();
  46   1        I2C_SendNAK();
  47   1        I2C_Stop();
  48   1        return dat;
  49   1      }
  50          
  51          void I2C_WriteByte(uint8_t addr, uint8_t dat)
  52          {
  53   1        I2C_Start();
  54   1        I2C_SendData(AXP173_ADDR);
C51 COMPILER V9.60.0.0   I2C                                                               09/25/2023 13:00:35 PAGE 2   

  55   1        I2C_RecvACK();
  56   1        I2C_SendData(addr);
  57   1        I2C_RecvACK();
  58   1        I2C_SendData(dat);
  59   1        I2C_RecvACK();
  60   1        I2C_Stop();
  61   1      }
  62          
  63          void I2C_Start()
  64          {
  65   1          SDA = 1;
  66   1          SCL = 1;
  67   1          Delay12us();
  68   1          SDA = 0;
  69   1          Delay12us();
  70   1          SCL = 0;
  71   1      }
  72          
  73          void I2C_SendData(uint8_t dat)
  74          {
  75   1          unsigned int i;
  76   1          for(i=0; i<8; i++)
  77   1          {
  78   2              SCL = 0;
  79   2              Delay12us();
  80   2              if(dat & 0x80) 
  81   2                  SDA = 1;
  82   2              else 
  83   2                  SDA = 0;
  84   2              dat <<= 1;
  85   2              SCL = 1;
  86   2              Delay12us();
  87   2          }
  88   1          SCL = 0;
  89   1      }
  90          
  91          void I2C_RecvACK()
  92          {
  93   1          SCL = 0;
  94   1          Delay12us();
  95   1          SDA = 0;
  96   1          SCL = 1;
  97   1          Delay12us();
  98   1          SCL = 0;
  99   1          SDA = 1;
 100   1          Delay12us();
 101   1      }
 102          
 103          uint8_t I2C_RecvData()
 104          {
 105   1          uint8_t dat, i;
 106   1          for(i=0; i<8; i++)
 107   1          {
 108   2              dat <<= 1;
 109   2              SCL = 0;
 110   2              Delay12us();
 111   2              SCL = 1;
 112   2              Delay12us();
 113   2              if(SDA) dat += 1;
 114   2          }
 115   1          return dat;
 116   1      }
C51 COMPILER V9.60.0.0   I2C                                                               09/25/2023 13:00:35 PAGE 3   

 117          
 118          void I2C_SendNAK()
 119          {
 120   1          SCL = 0;
 121   1          Delay12us();
 122   1          SDA = 1;
 123   1          SCL = 1;
 124   1          Delay12us();
 125   1          SCL = 0;
 126   1          Delay12us();
 127   1      }
 128          
 129          void I2C_Stop()
 130          {
 131   1          SDA = 0;
 132   1          SCL = 1;
 133   1          Delay12us();
 134   1          SDA = 1;
 135   1          Delay12us();
 136   1      }


MODULE INFORMATION:   STATIC OVERLAYABLE
   CODE SIZE        =    377    ----
   CONSTANT SIZE    =   ----    ----
   XDATA SIZE       =   ----    ----
   PDATA SIZE       =   ----    ----
   DATA SIZE        =     15    ----
   IDATA SIZE       =   ----    ----
   BIT SIZE         =   ----    ----
END OF MODULE INFORMATION.


C51 COMPILATION COMPLETE.  0 WARNING(S),  0 ERROR(S)
