C51 COMPILER V9.60.0.0   MAIN                                                              09/25/2023 19:53:34 PAGE 1   


C51 COMPILER V9.60.0.0, COMPILATION OF MODULE MAIN
OBJECT MODULE PLACED IN .\Objects\main.obj
COMPILER INVOKED BY: C:\Keil_v5\C51\BIN\C51.EXE src\main.c LARGE OPTIMIZE(0,SIZE) BROWSE DEBUG OBJECTEXTEND PRINT(.\List
                    -ings\main.lst) TABS(2) OBJECT(.\Objects\main.obj)

line level    source

   1          #include "main.h"
   2          
   3          int main(void)
   4          {
   5   1        int i = 0, dat = 0;
   6   1        UartInit();
   7   1        I2C_Init();
   8   1        AXP173_Set_Voltage_DCDC2(800); //mV
   9   1        AXP173_Set_Voltage_LDO4(3000);
  10   1        I2C_WriteByte(0x12, 0x1F); //Enable ALL Output
  11   1        I2C_WriteByte(0x33, 0xC3); //Enable BAT Charge, 4.2v, 360mA
  12   1        I2C_WriteByte(0x36, 0x4C); //PEK setting, 4s to shutdown
  13   1        I2C_WriteByte(0x82, 0xFF); //Enable BAT, VBUS ADC
  14   1        while(1)
  15   1        {
  16   2          printf("aps:%.2fV\r\n", AXP173_Read_APS_Voltage());
  17   2          printf("temp:%.2fC\r\n", AXP173_Read_InternalTemp());
  18   2          printf("bat:%.2fV, %.2fmA\r\n", AXP173_Read_BAT_Voltage(), AXP173_Read_BAT_Current());
  19   2          printf("vbus:%.2fV, %.2fmA\r\n", AXP173_Read_VBUS_Voltage(), AXP173_Read_VBUS_Current());
  20   2          //I2C_Read_2Byte(0x5A); //VBUS Voltage
  21   2          //I2C_Read_2Byte(0x5C); //VBUS Current
  22   2          if(UartOnMsg) UartOnMessage();
  23   2      //    for(i=0;i<=0x12;i++)
  24   2      //    {
  25   2      //      dat = I2C_ReadByte(i);
  26   2      //      printf("0x%d=0x%d\r\n", i, dat);
  27   2      //      Delay30us();
  28   2      //    }
  29   2          //UartSend(dat);
  30   2          UartSendOK();
  31   2          Delay500ms();
  32   2        }
  33   1      }
  34            


MODULE INFORMATION:   STATIC OVERLAYABLE
   CODE SIZE        =    202    ----
   CONSTANT SIZE    =     66    ----
   XDATA SIZE       =      4    ----
   PDATA SIZE       =   ----    ----
   DATA SIZE        =   ----    ----
   IDATA SIZE       =   ----    ----
   BIT SIZE         =   ----    ----
END OF MODULE INFORMATION.


C51 COMPILATION COMPLETE.  0 WARNING(S),  0 ERROR(S)
